<?xml version="1.0" encoding="utf-8"?><testsuites name="pytest tests"><testsuite name="pytest" errors="0" failures="0" skipped="0" tests="4" time="3.766" timestamp="2026-06-01T10:40:40.016301-05:00" hostname="MacBook-Air.local"><testcase classname="tests.api.test_api.TestBatchPipeline" name="test_should_failed_unkown_column_1" time="0.013" /><testcase classname="tests.api.test_api.TestBatchPipeline" name="test_should_failed_unkown_column_2" time="0.002" /><testcase classname="tests.api.test_api.TestBatchPipeline" name="test_should_failed_unkown_column_3" time="0.002" /><testcase classname="tests.api.test_api.TestBatchPipeline" name="test_should_get_predict" time="0.013" /></testsuite></testsuites>